// Jest Snapshot v1, https://goo.gl/fbAQLP

exports[`er-artist will draw inheritance 1`] = `
{
  "mark": {
    "attrs": {},
    "children": [
      {
        "children": [],
        "class": "er__relations",
        "type": "group",
      },
      {
        "attrs": {
          "id": "person",
        },
        "children": [
          {
            "attrs": {
              "fill": "#fdb05e",
              "radius": 2,
              "stroke": "#3b4044",
              "text": "",
            },
            "class": "er__entity-box",
            "itemId": "entity-person",
            "type": "rect",
          },
          {
            "attrs": {
              "fill": "#3b4044",
              "fontFamily": "Source Code Pro, sans-serif",
              "fontSize": 14,
              "fontWeight": "bold",
              "id": "entity-person",
              "text": "person",
              "textAlign": "center",
              "textBaseline": "middle",
            },
            "class": "er__entity-label",
            "itemId": "entity-person",
            "type": "text",
          },
          {
            "attrs": {},
            "children": [
              {
                "attrs": {},
                "children": [
                  {
                    "attrs": {
                      "fill": "#fffbf9",
                      "stroke": "#3b4044",
                    },
                    "type": "rect",
                  },
                  {
                    "attrs": {
                      "fill": "#3b4044",
                      "fontFamily": "Source Code Pro, sans-serif",
                      "fontSize": 11.9,
                      "id": "entity-person-attr-1-type",
                      "text": "int",
                      "textAlign": "left",
                      "textBaseline": "middle",
                    },
                    "class": "er__entity-label",
                    "type": "text",
                  },
                  {
                    "attrs": {
                      "fill": "#fffbf9",
                      "stroke": "#3b4044",
                    },
                    "type": "rect",
                  },
                  {
                    "attrs": {
                      "fill": "#3b4044",
                      "fontFamily": "Source Code Pro, sans-serif",
                      "fontSize": 11.9,
                      "id": "entity-person-attr-1-name",
                      "text": "age",
                      "textAlign": "left",
                      "textBaseline": "middle",
                    },
                    "class": "er__entity-label",
                    "type": "text",
                  },
                ],
                "type": "group",
              },
              {
                "attrs": {},
                "children": [
                  {
                    "attrs": {
                      "fill": "#fffbf9",
                      "stroke": "#3b4044",
                    },
                    "type": "rect",
                  },
                  {
                    "attrs": {
                      "fill": "#3b4044",
                      "fontFamily": "Source Code Pro, sans-serif",
                      "fontSize": 11.9,
                      "id": "entity-person-attr-2-type",
                      "text": "string",
                      "textAlign": "left",
                      "textBaseline": "middle",
                    },
                    "class": "er__entity-label",
                    "type": "text",
                  },
                  {
                    "attrs": {
                      "fill": "#fffbf9",
                      "stroke": "#3b4044",
                    },
                    "type": "rect",
                  },
                  {
                    "attrs": {
                      "fill": "#3b4044",
                      "fontFamily": "Source Code Pro, sans-serif",
                      "fontSize": 11.9,
                      "id": "entity-person-attr-2-name",
                      "text": "phone_number",
                      "textAlign": "left",
                      "textBaseline": "middle",
                    },
                    "class": "er__entity-label",
                    "type": "text",
                  },
                ],
                "type": "group",
              },
            ],
            "itemId": "entity-person",
            "type": "group",
          },
        ],
        "class": "er__entity",
        "type": "group",
      },
      {
        "attrs": {
          "id": "customer",
        },
        "children": [
          {
            "attrs": {
              "fill": "#fdb05e",
              "radius": 2,
              "stroke": "#3b4044",
              "text": "",
            },
            "class": "er__entity-box",
            "itemId": "entity-customer",
            "type": "rect",
          },
          {
            "attrs": {
              "fill": "#3b4044",
              "fontFamily": "Source Code Pro, sans-serif",
              "fontSize": 14,
              "fontWeight": "bold",
              "id": "entity-customer",
              "text": "customer",
              "textAlign": "center",
              "textBaseline": "middle",
            },
            "class": "er__entity-label",
            "itemId": "entity-customer",
            "type": "text",
          },
          {
            "attrs": {},
            "children": [
              {
                "attrs": {},
                "children": [
                  {
                    "attrs": {
                      "fill": "#fffbf9",
                      "stroke": "#3b4044",
                    },
                    "type": "rect",
                  },
                  {
                    "attrs": {
                      "fill": "#fffbf9",
                      "stroke": "#3b4044",
                    },
                    "type": "rect",
                  },
                  {
                    "attrs": {
                      "fill": "#3b4044",
                      "fontFamily": "Source Code Pro, sans-serif",
                      "fontSize": 11.9,
                      "id": "entity-customer-attr-1-type",
                      "text": "string",
                      "textAlign": "left",
                      "textBaseline": "middle",
                    },
                    "class": "er__entity-label",
                    "type": "text",
                  },
                  {
                    "attrs": {
                      "fill": "#fffbf9",
                      "stroke": "#3b4044",
                    },
                    "type": "rect",
                  },
                  {
                    "attrs": {
                      "fill": "#3b4044",
                      "fontFamily": "Source Code Pro, sans-serif",
                      "fontSize": 11.9,
                      "id": "entity-customer-attr-1-name",
                      "text": "address",
                      "textAlign": "left",
                      "textBaseline": "middle",
                    },
                    "class": "er__entity-label",
                    "type": "text",
                  },
                  {
                    "attrs": {
                      "fill": "#fffbf9",
                      "stroke": "#3b4044",
                    },
                    "type": "rect",
                  },
                  {
                    "attrs": {
                      "fill": "#3b4044",
                      "fontFamily": "Source Code Pro, sans-serif",
                      "fontSize": 11.9,
                      "id": "entity-customer-attr-1-name",
                      "text": "deliver address",
                      "textAlign": "left",
                      "textBaseline": "middle",
                    },
                    "class": "er__entity-label",
                    "type": "text",
                  },
                ],
                "type": "group",
              },
              {
                "attrs": {},
                "children": [
                  {
                    "attrs": {
                      "fill": "#fffbf9",
                      "stroke": "#3b4044",
                    },
                    "type": "rect",
                  },
                  {
                    "attrs": {
                      "fill": "#3b4044",
                      "fontFamily": "Source Code Pro, sans-serif",
                      "fontSize": 11.9,
                      "id": "entity-customer-attr-2-key",
                      "text": "PK",
                      "textAlign": "left",
                      "textBaseline": "middle",
                    },
                    "class": "er__entity-label",
                    "type": "text",
                  },
                  {
                    "attrs": {
                      "fill": "#fffbf9",
                      "stroke": "#3b4044",
                    },
                    "type": "rect",
                  },
                  {
                    "attrs": {
                      "fill": "#3b4044",
                      "fontFamily": "Source Code Pro, sans-serif",
                      "fontSize": 11.9,
                      "id": "entity-customer-attr-2-type",
                      "text": "string",
                      "textAlign": "left",
                      "textBaseline": "middle",
                    },
                    "class": "er__entity-label",
                    "type": "text",
                  },
                  {
                    "attrs": {
                      "fill": "#fffbf9",
                      "stroke": "#3b4044",
                    },
                    "type": "rect",
                  },
                  {
                    "attrs": {
                      "fill": "#3b4044",
                      "fontFamily": "Source Code Pro, sans-serif",
                      "fontSize": 11.9,
                      "id": "entity-customer-attr-2-name",
                      "text": "id",
                      "textAlign": "left",
                      "textBaseline": "middle",
                    },
                    "class": "er__entity-label",
                    "type": "text",
                  },
                  {
                    "attrs": {
                      "fill": "#fffbf9",
                      "stroke": "#3b4044",
                    },
                    "type": "rect",
                  },
                ],
                "type": "group",
              },
            ],
            "itemId": "entity-customer",
            "type": "group",
          },
        ],
        "class": "er__entity",
        "type": "group",
      },
      {
        "attrs": {
          "id": "deliverer",
        },
        "children": [
          {
            "attrs": {
              "fill": "#fdb05e",
              "radius": 2,
              "stroke": "#3b4044",
              "text": "",
            },
            "class": "er__entity-box",
            "itemId": "entity-deliverer",
            "type": "rect",
          },
          {
            "attrs": {
              "fill": "#3b4044",
              "fontFamily": "Source Code Pro, sans-serif",
              "fontSize": 14,
              "fontWeight": "bold",
              "id": "entity-deliverer",
              "text": "deliverer",
              "textAlign": "center",
              "textBaseline": "middle",
            },
            "class": "er__entity-label",
            "itemId": "entity-deliverer",
            "type": "text",
          },
          {
            "attrs": {},
            "children": [],
            "itemId": "entity-deliverer",
            "type": "group",
          },
        ],
        "class": "er__entity",
        "type": "group",
      },
      {
        "attrs": {},
        "children": [
          {
            "attrs": {
              "fill": "#fffbf9",
              "lineJoin": "round",
              "stroke": "#3b4044",
            },
            "type": "path",
          },
          {
            "attrs": {
              "fill": "#fffbf9",
              "lineJoin": "round",
              "stroke": "#3b4044",
            },
            "type": "path",
          },
          {
            "attrs": {
              "fill": "#3b4044",
              "fontFamily": "Source Code Pro, sans-serif",
              "fontSize": 14,
              "text": "ISA",
              "textAlign": "center",
              "textBaseline": "middle",
            },
            "class": "er__relationship-label",
            "type": "text",
          },
          {
            "attrs": {
              "fill": "#3b4044",
              "fontFamily": "Source Code Pro, sans-serif",
              "fontSize": 14,
              "text": "ISA",
              "textAlign": "center",
              "textBaseline": "middle",
            },
            "class": "er__relationship-label",
            "type": "text",
          },
          {
            "attrs": {
              "lineJoin": "round",
              "stroke": "#3b4044",
            },
            "type": "path",
          },
          {
            "attrs": {
              "lineJoin": "round",
              "stroke": "#3b4044",
            },
            "type": "path",
          },
          {
            "attrs": {
              "lineJoin": "round",
              "stroke": "#3b4044",
            },
            "type": "path",
          },
          {
            "attrs": {
              "lineJoin": "round",
              "stroke": "#3b4044",
            },
            "type": "path",
          },
        ],
        "type": "group",
      },
    ],
    "type": "group",
  },
}
`;
