// Jest Snapshot v1, https://goo.gl/fbAQLP

exports[`component-artist match example snapshot 1`] = `
{
  "mark": {
    "attrs": {},
    "children": [
      {
        "attrs": {},
        "children": [
          {
            "attrs": {
              "fill": "#fff",
              "lineWidth": 2,
              "radius": 2,
              "stroke": "#3b4044",
            },
            "class": "component__group-rect",
            "type": "rect",
          },
          {
            "attrs": {
              "fill": "#3b4044",
              "fontFamily": "Source Code Pro, sans-serif",
              "fontSize": 14,
              "fontWeight": "bold",
              "text": "@pintora/standalone",
              "textAlign": "center",
            },
            "class": "component__group-label",
            "type": "text",
          },
          {
            "attrs": {
              "fill": "#3b4044",
              "fontFamily": "Source Code Pro, sans-serif",
              "fontSize": 14,
              "text": "[package]",
              "textBaseline": "hanging",
            },
            "class": "component__type",
            "type": "text",
          },
        ],
        "type": "group",
      },
      {
        "attrs": {},
        "children": [
          {
            "attrs": {
              "fill": "#fff",
              "lineWidth": 2,
              "radius": 2,
              "stroke": "#3b4044",
            },
            "class": "component__group-rect",
            "type": "rect",
          },
          {
            "attrs": {
              "fill": "#3b4044",
              "fontFamily": "Source Code Pro, sans-serif",
              "fontSize": 14,
              "fontWeight": "bold",
              "text": "@pintora/renderer",
              "textAlign": "center",
            },
            "class": "component__group-label",
            "type": "text",
          },
          {
            "attrs": {
              "fill": "#3b4044",
              "fontFamily": "Source Code Pro, sans-serif",
              "fontSize": 14,
              "text": "[package]",
              "textBaseline": "hanging",
            },
            "class": "component__type",
            "type": "text",
          },
        ],
        "type": "group",
      },
      {
        "attrs": {},
        "children": [
          {
            "attrs": {
              "fill": "#fff",
              "lineWidth": 2,
              "radius": 2,
              "stroke": "#3b4044",
            },
            "class": "component__group-rect",
            "type": "rect",
          },
          {
            "attrs": {
              "fill": "#3b4044",
              "fontFamily": "Source Code Pro, sans-serif",
              "fontSize": 14,
              "fontWeight": "bold",
              "text": "@pintora/diagrams",
              "textAlign": "center",
            },
            "class": "component__group-label",
            "type": "text",
          },
          {
            "attrs": {
              "fill": "#3b4044",
              "fontFamily": "Source Code Pro, sans-serif",
              "fontSize": 14,
              "text": "[package]",
              "textBaseline": "hanging",
            },
            "class": "component__type",
            "type": "text",
          },
        ],
        "type": "group",
      },
      {
        "attrs": {},
        "children": [
          {
            "attrs": {
              "fill": "#fff",
              "lineWidth": 2,
              "radius": 2,
              "stroke": "#3b4044",
            },
            "class": "component__group-rect",
            "type": "rect",
          },
          {
            "attrs": {
              "fill": "#3b4044",
              "fontFamily": "Source Code Pro, sans-serif",
              "fontSize": 14,
              "fontWeight": "bold",
              "text": "@pintora/core",
              "textAlign": "center",
            },
            "class": "component__group-label",
            "type": "text",
          },
          {
            "attrs": {
              "fill": "#3b4044",
              "fontFamily": "Source Code Pro, sans-serif",
              "fontSize": 14,
              "text": "[package]",
              "textBaseline": "hanging",
            },
            "class": "component__type",
            "type": "text",
          },
        ],
        "type": "group",
      },
      {
        "attrs": {},
        "children": [
          {
            "attrs": {
              "fill": "#fdb05e",
              "lineWidth": 1,
              "radius": 4,
              "stroke": "#3b4044",
            },
            "class": "component__component-rect",
            "type": "rect",
          },
          {
            "attrs": {
              "fill": "#3b4044",
              "fontFamily": "Source Code Pro, sans-serif",
              "fontSize": 14,
              "text": "Diagram Registry",
              "textAlign": "center",
              "textBaseline": "middle",
            },
            "type": "text",
          },
        ],
        "class": "component__component",
        "type": "group",
      },
      {
        "attrs": {},
        "children": [
          {
            "attrs": {
              "fill": "#fdb05e",
              "lineWidth": 1,
              "radius": 4,
              "stroke": "#3b4044",
            },
            "class": "component__component-rect",
            "type": "rect",
          },
          {
            "attrs": {
              "fill": "#3b4044",
              "fontFamily": "Source Code Pro, sans-serif",
              "fontSize": 14,
              "text": "...Multiple Diagrams...",
              "textAlign": "center",
              "textBaseline": "middle",
            },
            "type": "text",
          },
        ],
        "class": "component__component",
        "type": "group",
      },
      {
        "attrs": {},
        "children": [
          {
            "attrs": {
              "fill": "#fdb05e",
              "lineWidth": 1,
              "radius": 4,
              "stroke": "#3b4044",
            },
            "class": "component__component-rect",
            "type": "rect",
          },
          {
            "attrs": {
              "fill": "#3b4044",
              "fontFamily": "Source Code Pro, sans-serif",
              "fontSize": 14,
              "text": "SVGRender",
              "textAlign": "center",
              "textBaseline": "middle",
            },
            "type": "text",
          },
        ],
        "class": "component__component",
        "type": "group",
      },
      {
        "attrs": {},
        "children": [
          {
            "attrs": {
              "fill": "#fdb05e",
              "lineWidth": 1,
              "radius": 4,
              "stroke": "#3b4044",
            },
            "class": "component__component-rect",
            "type": "rect",
          },
          {
            "attrs": {
              "fill": "#3b4044",
              "fontFamily": "Source Code Pro, sans-serif",
              "fontSize": 14,
              "text": "CanvasRender",
              "textAlign": "center",
              "textBaseline": "middle",
            },
            "type": "text",
          },
        ],
        "class": "component__component",
        "type": "group",
      },
      {
        "attrs": {},
        "children": [
          {
            "attrs": {
              "fill": "#fdb05e",
              "lineWidth": 1,
              "radius": 4,
              "stroke": "#3b4044",
            },
            "class": "component__component-rect",
            "type": "rect",
          },
          {
            "attrs": {
              "fill": "#3b4044",
              "fontFamily": "Source Code Pro, sans-serif",
              "fontSize": 14,
              "text": "standalone",
              "textAlign": "center",
              "textBaseline": "middle",
            },
            "type": "text",
          },
        ],
        "class": "component__component",
        "type": "group",
      },
      {
        "attrs": {},
        "children": [
          {
            "attrs": {
              "fill": "#fdb05e",
              "lineWidth": 1,
              "stroke": "#3b4044",
            },
            "class": "component__interface",
            "type": "circle",
          },
          {
            "attrs": {
              "fill": "#3b4044",
              "fontFamily": "Source Code Pro, sans-serif",
              "fontSize": 14,
              "text": "GraphicsIR",
              "textAlign": "center",
              "textBaseline": "top",
            },
            "type": "text",
          },
        ],
        "class": "component__group",
        "type": "group",
      },
      {
        "attrs": {},
        "children": [
          {
            "attrs": {
              "fill": "#fdb05e",
              "lineWidth": 1,
              "stroke": "#3b4044",
            },
            "class": "component__interface",
            "type": "circle",
          },
          {
            "attrs": {
              "fill": "#3b4044",
              "fontFamily": "Source Code Pro, sans-serif",
              "fontSize": 14,
              "text": "IRenderer",
              "textAlign": "center",
              "textBaseline": "top",
            },
            "type": "text",
          },
        ],
        "class": "component__group",
        "type": "group",
      },
      {
        "attrs": {},
        "children": [
          {
            "attrs": {
              "fill": "#fdb05e",
              "lineWidth": 1,
              "stroke": "#3b4044",
            },
            "class": "component__interface",
            "type": "circle",
          },
          {
            "attrs": {
              "fill": "#3b4044",
              "fontFamily": "Source Code Pro, sans-serif",
              "fontSize": 14,
              "text": "IDiagram",
              "textAlign": "center",
              "textBaseline": "top",
            },
            "type": "text",
          },
        ],
        "class": "component__group",
        "type": "group",
      },
      {
        "attrs": {},
        "children": [
          {
            "attrs": {
              "fill": "#fdb05e",
              "lineWidth": 1,
              "stroke": "#3b4044",
            },
            "class": "component__interface",
            "type": "circle",
          },
          {
            "attrs": {
              "fill": "#3b4044",
              "fontFamily": "Source Code Pro, sans-serif",
              "fontSize": 14,
              "text": "render()",
              "textAlign": "center",
              "textBaseline": "top",
            },
            "type": "text",
          },
        ],
        "class": "component__group",
        "type": "group",
      },
      {
        "attrs": {},
        "children": [
          {
            "attrs": {
              "lineCap": "round",
              "stroke": "#fdb05e",
            },
            "class": "component__rel-line",
            "type": "path",
          },
          {
            "attrs": {
              "fill": "#fff",
              "opacity": 0.85,
            },
            "class": "label-bg",
            "type": "rect",
          },
          {
            "attrs": {
              "fill": "#3b4044",
              "fontFamily": "Source Code Pro, sans-serif",
              "fontSize": 14,
              "text": "implements",
              "textAlign": "center",
              "textBaseline": "middle",
            },
            "class": "component__rel-text",
            "type": "text",
          },
          {
            "attrs": {
              "lineCap": "round",
              "stroke": "#fdb05e",
            },
            "type": "path",
          },
        ],
        "type": "group",
      },
      {
        "attrs": {},
        "children": [
          {
            "attrs": {
              "lineCap": "round",
              "stroke": "#fdb05e",
            },
            "class": "component__rel-line",
            "type": "path",
          },
          {
            "attrs": {
              "fill": "#fff",
              "opacity": 0.85,
            },
            "class": "label-bg",
            "type": "rect",
          },
          {
            "attrs": {
              "fill": "#3b4044",
              "fontFamily": "Source Code Pro, sans-serif",
              "fontSize": 14,
              "text": "implements",
              "textAlign": "center",
              "textBaseline": "middle",
            },
            "class": "component__rel-text",
            "type": "text",
          },
          {
            "attrs": {
              "lineCap": "round",
              "stroke": "#fdb05e",
            },
            "type": "path",
          },
        ],
        "type": "group",
      },
      {
        "attrs": {},
        "children": [
          {
            "attrs": {
              "lineCap": "round",
              "stroke": "#fdb05e",
            },
            "class": "component__rel-line",
            "type": "path",
          },
          {
            "attrs": {
              "fill": "#fff",
              "opacity": 0.85,
            },
            "class": "label-bg",
            "type": "rect",
          },
          {
            "attrs": {
              "fill": "#3b4044",
              "fontFamily": "Source Code Pro, sans-serif",
              "fontSize": 14,
              "text": "implements",
              "textAlign": "center",
              "textBaseline": "middle",
            },
            "class": "component__rel-text",
            "type": "text",
          },
          {
            "attrs": {
              "lineCap": "round",
              "stroke": "#fdb05e",
            },
            "type": "path",
          },
        ],
        "type": "group",
      },
      {
        "attrs": {},
        "children": [
          {
            "attrs": {
              "lineCap": "round",
              "lineDash": [
                4,
                4,
              ],
              "stroke": "#fdb05e",
            },
            "class": "component__rel-line",
            "type": "path",
          },
          {
            "attrs": {
              "fill": "#fff",
              "opacity": 0.85,
            },
            "class": "label-bg",
            "type": "rect",
          },
          {
            "attrs": {
              "fill": "#3b4044",
              "fontFamily": "Source Code Pro, sans-serif",
              "fontSize": 14,
              "text": "accepts",
              "textAlign": "center",
              "textBaseline": "middle",
            },
            "class": "component__rel-text",
            "type": "text",
          },
          {
            "attrs": {
              "lineCap": "round",
              "stroke": "#fdb05e",
            },
            "type": "path",
          },
        ],
        "type": "group",
      },
      {
        "attrs": {},
        "children": [
          {
            "attrs": {
              "lineCap": "round",
              "stroke": "#fdb05e",
            },
            "class": "component__rel-line",
            "type": "path",
          },
          {
            "attrs": {
              "fill": "#fff",
              "opacity": 0.85,
            },
            "class": "label-bg",
            "type": "rect",
          },
          {
            "attrs": {
              "fill": "#3b4044",
              "fontFamily": "Source Code Pro, sans-serif",
              "fontSize": 14,
              "text": "generate",
              "textAlign": "center",
              "textBaseline": "middle",
            },
            "class": "component__rel-text",
            "type": "text",
          },
          {
            "attrs": {
              "lineCap": "round",
              "stroke": "#fdb05e",
            },
            "type": "path",
          },
        ],
        "type": "group",
      },
      {
        "attrs": {},
        "children": [
          {
            "attrs": {
              "lineCap": "round",
              "stroke": "#fdb05e",
            },
            "class": "component__rel-line",
            "type": "path",
          },
          {
            "attrs": {
              "fill": "#fff",
              "opacity": 0.85,
            },
            "class": "label-bg",
            "type": "rect",
          },
          {
            "attrs": {
              "fill": "#3b4044",
              "fontFamily": "Source Code Pro, sans-serif",
              "fontSize": 14,
              "text": "register all of @pintora/diagrams",
              "textAlign": "center",
              "textBaseline": "middle",
            },
            "class": "component__rel-text",
            "type": "text",
          },
          {
            "attrs": {
              "lineCap": "round",
              "stroke": "#fdb05e",
            },
            "type": "path",
          },
        ],
        "type": "group",
      },
      {
        "attrs": {},
        "children": [
          {
            "attrs": {
              "lineCap": "round",
              "stroke": "#fdb05e",
            },
            "class": "component__rel-line",
            "type": "path",
          },
          {
            "attrs": {
              "fill": "#fff",
              "opacity": 0.85,
            },
            "class": "label-bg",
            "type": "rect",
          },
          {
            "attrs": {
              "fill": "#3b4044",
              "fontFamily": "Source Code Pro, sans-serif",
              "fontSize": 14,
              "text": "import",
              "textAlign": "center",
              "textBaseline": "middle",
            },
            "class": "component__rel-text",
            "type": "text",
          },
          {
            "attrs": {
              "lineCap": "round",
              "stroke": "#fdb05e",
            },
            "type": "path",
          },
        ],
        "type": "group",
      },
      {
        "attrs": {},
        "children": [
          {
            "attrs": {
              "lineCap": "round",
              "stroke": "#fdb05e",
            },
            "class": "component__rel-line",
            "type": "path",
          },
          {
            "attrs": {
              "fill": "#fff",
              "opacity": 0.85,
            },
            "class": "label-bg",
            "type": "rect",
          },
          {
            "attrs": {
              "fill": "#3b4044",
              "fontFamily": "Source Code Pro, sans-serif",
              "fontSize": 14,
              "text": "call with GraphicsIR",
              "textAlign": "center",
              "textBaseline": "middle",
            },
            "class": "component__rel-text",
            "type": "text",
          },
          {
            "attrs": {
              "lineCap": "round",
              "stroke": "#fdb05e",
            },
            "type": "path",
          },
        ],
        "type": "group",
      },
    ],
    "type": "group",
  },
}
`;
